<html>
<body>
<pre>
<h1>µVision Build Log</h1>
<h2>Tool Versions:</h2>
IDE-Version: µVision V5.42.0.0
Copyright (C) 2025 ARM Ltd and ARM Germany GmbH. All rights reserved.
License Information: Caleb Short, University of Washington Bothell, LIC=----
 
Tool Versions:
Toolchain:       MDK-Lite  Version: 5.42.0.0
Toolchain Path:  C:\Users\caleb\AppData\Local\Keil_v5\ARM\ARMCLANG\Bin
C Compiler:      ArmClang.exe V6.23
Assembler:       Armasm.exe V6.23
Linker/Locator:  ArmLink.exe V6.23
Library Manager: ArmAr.exe V6.23
Hex Converter:   FromElf.exe V6.23
CPU DLL:         SARMCM3.DLL V5.42.0.0
Dialog DLL:      DCM.DLL V1.17.5.0
Target DLL:      UL2CM3.DLL V1.164.14.0
Dialog DLL:      TCM.DLL V1.56.6.0
 
<h2>Project:</h2>
C:\Users\caleb\Documents\UWB\Course Docs\Spring 2025\CSS 422\Projects\Final Project\Final Project.uvprojx
Project File Date:  05/03/2025

<h2>Output:</h2>
*** Using Compiler 'V6.23', folder: 'C:\Users\caleb\AppData\Local\Keil_v5\ARM\ARMCLANG\Bin'
Rebuild target 'Target_1'
C Programs/driver_keil.c(13): warning: unused parameter 'signum' [-Wunused-parameter]
   13 | void sig_handler1( int signum ) {
      |                        ^
C Programs/driver_keil.c(17): warning: unused parameter 'signum' [-Wunused-parameter]
   17 | void sig_handler2( int signum ) {
      |                        ^
2 warnings generated.
compiling driver_keil.c...
assembling timer.s...
assembling svc.s...
assembling heap.s...
assembling stdlib.s...
assembling startup_TM4C129.s...
linking...
Program Size: Code=1200 RO-data=568 RW-data=0 ZI-data=24680  
".\Objects\Final Project.axf" - 0 Error(s), 2 Warning(s).

<h2>Software Packages used:</h2>

Package Vendor: Keil
                http://www.keil.com/pack/Keil.TM4C_DFP.1.1.0.pack
                Keil::TM4C_DFP@1.1.0
                Texas Instruments Tiva C Series Device Support and Examples

<h2>Collection of Component include folders:</h2>
  C:/Users/caleb/AppData/Local/Arm/Packs/Keil/TM4C_DFP/1.1.0/Device/Include/TM4C129

<h2>Collection of Component Files used:</h2>
Build Time Elapsed:  00:00:01
</pre>
</body>
</html>
